
> @pandu/web@1.0.0 build E:\gamer\PANDU\apps\web
> next build

   ▲ Next.js 15.5.23

   Creating an optimized production build ...
 ✓ Compiled successfully in 6.4s
   Linting and checking validity of types ...
   Collecting page data ...
 ⚠ Using edge runtime on a page currently disables static generation for that page
   Generating static pages (0/5) ...
   Generating static pages (1/5) 
   Generating static pages (2/5) 
   Generating static pages (3/5) 
 ✓ Generating static pages (5/5)
   Finalizing page optimization ...
   Collecting build traces ...

Route (app)                                 Size  First Load JS
┌ ○ /                                    7.72 kB         415 kB
├ ○ /_not-found                            988 B         103 kB
├ ƒ /apple-icon                            129 B         102 kB
├ ƒ /icon                                  129 B         102 kB
├ ○ /manifest.webmanifest                  129 B         102 kB
├ ƒ /room/[roomId]                       8.44 kB         416 kB
└ ƒ /room/[roomId]/game                  9.52 kB         272 kB
+ First Load JS shared by all             102 kB
  ├ chunks/635-18f752bdbaef9dee.js       46.1 kB
  ├ chunks/f625b344-fb49436f5e3a9ea7.js  54.2 kB
  └ other shared chunks (total)             2 kB


○  (Static)   prerendered as static content
ƒ  (Dynamic)  server-rendered on demand

